// Jest Snapshot v1, https://goo.gl/fbAQLP

exports[`PinCode should render 1`] = `
<div>
  <div
    class="relative mx-auto flex max-w-min justify-center transition-all active:animate-blob"
  >
    <div
      class="border z-10 mx-auto flex flex-row"
    >
      <div
        class="absolute inset-x-10 -top-10 -z-10 flex h-12 flex-col items-center justify-center rounded-t-full border-x border-t bg-white py-1 px-2 text-xs"
      >
         
        enter pin:
      </div>
      <div
        class="mx-auto flex flex-row justify-center"
      >
        <div
          class=" relative"
        >
          <input
            class="appearance-none border-gray-100 text-center text-gray-700 shadow-sm transition-all duration-150 ease-in-out focus:outline-none h-10 w-10 text-xs hover:bg-gray-100 hover:text-gray-900"
            type="number"
            value="0"
          />
        </div>
        <div
          class=" relative"
        >
          <input
            class="appearance-none border-gray-100 text-center text-gray-700 shadow-sm transition-all duration-150 ease-in-out focus:outline-none h-10 w-10 text-xs hover:bg-gray-100 hover:text-gray-900"
            type="number"
            value="0"
          />
        </div>
        <div
          class=" relative"
        >
          <input
            class="appearance-none border-gray-100 text-center text-gray-700 shadow-sm transition-all duration-150 ease-in-out focus:outline-none h-10 w-10 text-xs hover:bg-gray-100 hover:text-gray-900"
            type="number"
            value="0"
          />
        </div>
        <div
          class=" relative"
        >
          <input
            class="appearance-none border-gray-100 text-center text-gray-700 shadow-sm transition-all duration-150 ease-in-out focus:outline-none h-10 w-10 text-xs hover:bg-gray-100 hover:text-gray-900"
            type="number"
            value="0"
          />
        </div>
        <div
          class=" relative"
        >
          <input
            class="appearance-none border-gray-100 text-center text-gray-700 shadow-sm transition-all duration-150 ease-in-out focus:outline-none h-10 w-10 text-xs hover:bg-gray-100 hover:text-gray-900"
            type="number"
            value="0"
          />
        </div>
        <div
          class=" relative"
        >
          <input
            class="appearance-none border-gray-100 text-center text-gray-700 shadow-sm transition-all duration-150 ease-in-out focus:outline-none h-10 w-10 text-xs hover:bg-gray-100 hover:text-gray-900"
            type="number"
            value="0"
          />
        </div>
      </div>
      <button
        class="flex w-44 flex-col items-center justify-center rounded shadow-sm hover:shadow-md border border-blue-93 bg-white text-indigo-800 transition-all ease-out active:bg-gray-800 active:text-white hover:bg-gray-600 hover:text-white h-10 text-xl w-fit px-10"
        type="button"
      >
        <div
          class="flex items-center justify-center text-inherit flex-row-reverse"
        >
          <span
            class="m-1"
          >
            <svg
              fill="currentColor"
              height="1em"
              stroke="currentColor"
              stroke-width="0"
              viewBox="0 0 20 20"
              width="1em"
              xmlns="http://www.w3.org/2000/svg"
            >
              <path
                clip-rule="evenodd"
                d="M6.267 3.455a3.066 3.066 0 001.745-.723 3.066 3.066 0 013.976 0 3.066 3.066 0 001.745.723 3.066 3.066 0 012.812 2.812c.051.643.304 1.254.723 1.745a3.066 3.066 0 010 3.976 3.066 3.066 0 00-.723 1.745 3.066 3.066 0 01-2.812 2.812 3.066 3.066 0 00-1.745.723 3.066 3.066 0 01-3.976 0 3.066 3.066 0 00-1.745-.723 3.066 3.066 0 01-2.812-2.812 3.066 3.066 0 00-.723-1.745 3.066 3.066 0 010-3.976 3.066 3.066 0 00.723-1.745 3.066 3.066 0 012.812-2.812zm7.44 5.252a1 1 0 00-1.414-1.414L9 10.586 7.707 9.293a1 1 0 00-1.414 1.414l2 2a1 1 0 001.414 0l4-4z"
                fill-rule="evenodd"
              />
            </svg>
          </span>
        </div>
      </button>
    </div>
  </div>
</div>
`;
