// Jest Snapshot v1, https://goo.gl/fbAQLP

exports[`PinCode should render 1`] = `
<div>
  <div
    class=""
  >
    <div
      class="flex min-w-full flex-row justify-between"
    >
      <input
        class="h-24 w-24 appearance-none rounded border-2 border-gray-300 py-2 px-4 text-center text-5xl leading-tight text-gray-700 shadow-sm focus:border-blue-500 focus:outline-none"
        placeholder="0"
        type="number"
        value="0"
      />
      <input
        class="h-24 w-24 appearance-none rounded border-2 border-gray-300 py-2 px-4 text-center text-5xl leading-tight text-gray-700 shadow-sm focus:border-blue-500 focus:outline-none"
        placeholder="0"
        type="number"
        value="0"
      />
      <input
        class="h-24 w-24 appearance-none rounded border-2 border-gray-300 py-2 px-4 text-center text-5xl leading-tight text-gray-700 shadow-sm focus:border-blue-500 focus:outline-none"
        placeholder="0"
        type="number"
        value="0"
      />
      <input
        class="h-24 w-24 appearance-none rounded border-2 border-gray-300 py-2 px-4 text-center text-5xl leading-tight text-gray-700 shadow-sm focus:border-blue-500 focus:outline-none"
        placeholder="0"
        type="number"
        value="0"
      />
      <input
        class="h-24 w-24 appearance-none rounded border-2 border-gray-300 py-2 px-4 text-center text-5xl leading-tight text-gray-700 shadow-sm focus:border-blue-500 focus:outline-none"
        placeholder="0"
        type="number"
        value="0"
      />
      <input
        class="h-24 w-24 appearance-none rounded border-2 border-gray-300 py-2 px-4 text-center text-5xl leading-tight text-gray-700 shadow-sm focus:border-blue-500 focus:outline-none"
        placeholder="0"
        type="number"
        value="0"
      />
    </div>
  </div>
</div>
`;
