// Jest Snapshot v1, https://goo.gl/fbAQLP

exports[`NoteFlow should look the same as snapshot 1`] = `<div />`;
